.........................                                                [100%]
============================== warnings summary ===============================
..\Program Files\Python312\Lib\site-packages\ctranslate2\__init__.py:8
  C:\Program Files\Python312\Lib\site-packages\ctranslate2\__init__.py:8: UserWarning: pkg_resources is deprecated as an API. See https://setuptools.pypa.io/en/latest/pkg_resources.html. The pkg_resources package is slated for removal as early as 2025-11-30. Refrain from using this package or pin to Setuptools<81.
    import pkg_resources

<frozen importlib._bootstrap>:488
  <frozen importlib._bootstrap>:488: DeprecationWarning: builtin type SwigPyPacked has no __module__ attribute

<frozen importlib._bootstrap>:488
  <frozen importlib._bootstrap>:488: DeprecationWarning: builtin type SwigPyObject has no __module__ attribute

langid_service\app\main.py:113
  C:\LangId\langid_service\app\main.py:113: DeprecationWarning: 
          on_event is deprecated, use lifespan event handlers instead.
  
          Read more about it in the
          [FastAPI docs for Lifespan Events](https://fastapi.tiangolo.com/advanced/events/).
          
    @app.on_event("startup")

..\Program Files\Python312\Lib\site-packages\fastapi\applications.py:4575
..\Program Files\Python312\Lib\site-packages\fastapi\applications.py:4575
  C:\Program Files\Python312\Lib\site-packages\fastapi\applications.py:4575: DeprecationWarning: 
          on_event is deprecated, use lifespan event handlers instead.
  
          Read more about it in the
          [FastAPI docs for Lifespan Events](https://fastapi.tiangolo.com/advanced/events/).
          
    return self.router.on_event(event_type)

langid_service\app\main.py:123
  C:\LangId\langid_service\app\main.py:123: DeprecationWarning: 
          on_event is deprecated, use lifespan event handlers instead.
  
          Read more about it in the
          [FastAPI docs for Lifespan Events](https://fastapi.tiangolo.com/advanced/events/).
          
    @app.on_event("shutdown")

-- Docs: https://docs.pytest.org/en/stable/how-to/capture-warnings.html
25 passed, 7 warnings in 17.81s
